Simulator report for MIC1
Sat Aug 24 19:33:24 2024
Quartus II 64-Bit Version 13.0.0 Build 156 04/24/2013 SJ Web Edition


---------------------
; Table of Contents ;
---------------------
  1. Legal Notice
  2. Simulator Summary
  3. Simulator Settings
  4. Simulation Waveforms
  5. Coverage Summary
  6. Complete 1/0-Value Coverage
  7. Missing 1-Value Coverage
  8. Missing 0-Value Coverage
  9. Simulator INI Usage
 10. Simulator Messages



----------------
; Legal Notice ;
----------------
Copyright (C) 1991-2013 Altera Corporation
Your use of Altera Corporation's design tools, logic functions 
and other software and tools, and its AMPP partner logic 
functions, and any output files from any of the foregoing 
(including device programming or simulation files), and any 
associated documentation or information are expressly subject 
to the terms and conditions of the Altera Program License 
Subscription Agreement, Altera MegaCore Function License 
Agreement, or other applicable license agreement, including, 
without limitation, that your use is for the sole purpose of 
programming logic devices manufactured by Altera and sold by 
Altera or its authorized distributors.  Please refer to the 
applicable agreement for further details.



+--------------------------------------------+
; Simulator Summary                          ;
+-----------------------------+--------------+
; Type                        ; Value        ;
+-----------------------------+--------------+
; Simulation Start Time       ; 0 ps         ;
; Simulation End Time         ; 1.6 us       ;
; Simulation Netlist Size     ; 164 nodes    ;
; Simulation Coverage         ;      18.60 % ;
; Total Number of Transitions ; 239          ;
; Simulation Breakpoints      ; 0            ;
; Family                      ; Cyclone II   ;
; Device                      ; EP2C70F896I8 ;
+-----------------------------+--------------+


+---------------------------------------------------------------------------------------------------------------------------------------------------------------+
; Simulator Settings                                                                                                                                            ;
+--------------------------------------------------------------------------------------------+--------------------------------------------------+---------------+
; Option                                                                                     ; Setting                                          ; Default Value ;
+--------------------------------------------------------------------------------------------+--------------------------------------------------+---------------+
; Simulation mode                                                                            ; Timing                                           ; Timing        ;
; Start time                                                                                 ; 0 ns                                             ; 0 ns          ;
; Simulation results format                                                                  ; VWF                                              ;               ;
; Vector input source                                                                        ; D:/Backup/AULAS/AOC/MIC1-GUILHERME-MATHEUS/H.vwf ;               ;
; Add pins automatically to simulation output waveforms                                      ; On                                               ; On            ;
; Check outputs                                                                              ; Off                                              ; Off           ;
; Report simulation coverage                                                                 ; On                                               ; On            ;
; Display complete 1/0 value coverage report                                                 ; On                                               ; On            ;
; Display missing 1-value coverage report                                                    ; On                                               ; On            ;
; Display missing 0-value coverage report                                                    ; On                                               ; On            ;
; Detect setup and hold time violations                                                      ; Off                                              ; Off           ;
; Detect glitches                                                                            ; Off                                              ; Off           ;
; Disable timing delays in Timing Simulation                                                 ; Off                                              ; Off           ;
; Generate Signal Activity File                                                              ; Off                                              ; Off           ;
; Generate VCD File for PowerPlay Power Analyzer                                             ; Off                                              ; Off           ;
; Group bus channels in simulation results                                                   ; Off                                              ; Off           ;
; Preserve fewer signal transitions to reduce memory requirements                            ; On                                               ; On            ;
; Trigger vector comparison with the specified mode                                          ; INPUT_EDGE                                       ; INPUT_EDGE    ;
; Disable setup and hold time violations detection in input registers of bi-directional pins ; Off                                              ; Off           ;
; Overwrite Waveform Inputs With Simulation Outputs                                          ; Off                                              ;               ;
; Perform Glitch Filtering in Timing Simulation                                              ; Auto                                             ; Auto          ;
+--------------------------------------------------------------------------------------------+--------------------------------------------------+---------------+


+----------------------+
; Simulation Waveforms ;
+----------------------+
Waveform report data cannot be output to ASCII.
Please use Quartus II 64-Bit to view the waveform report data.


+--------------------------------------------------------------------+
; Coverage Summary                                                   ;
+-----------------------------------------------------+--------------+
; Type                                                ; Value        ;
+-----------------------------------------------------+--------------+
; Total coverage as a percentage                      ;      18.60 % ;
; Total nodes checked                                 ; 164          ;
; Total output ports checked                          ; 129          ;
; Total output ports with complete 1/0-value coverage ; 24           ;
; Total output ports with no 1/0-value coverage       ; 103          ;
; Total output ports with no 1-value coverage         ; 103          ;
; Total output ports with no 0-value coverage         ; 105          ;
+-----------------------------------------------------+--------------+


The following table displays output ports that toggle between 1 and 0 during simulation.
+--------------------------------------------------------------------------------------------------------------------------------------+
; Complete 1/0-Value Coverage                                                                                                          ;
+---------------------------------------------------------+---------------------------------------------------------+------------------+
; Node Name                                               ; Output Port Name                                        ; Output Port Type ;
+---------------------------------------------------------+---------------------------------------------------------+------------------+
; |H|register_32bit:inst|register_4bit:inst2|inst3        ; |H|register_32bit:inst|register_4bit:inst2|inst3        ; regout           ;
; |H|register_32bit:inst|register_4bit:inst3|inst         ; |H|register_32bit:inst|register_4bit:inst3|inst         ; regout           ;
; |H|register_32bit:inst|register_4bit:inst3|inst1        ; |H|register_32bit:inst|register_4bit:inst3|inst1        ; regout           ;
; |H|register_32bit:inst|register_4bit:inst3|inst2        ; |H|register_32bit:inst|register_4bit:inst3|inst2        ; regout           ;
; |H|register_32bit:inst|register_4bit:inst3|inst3        ; |H|register_32bit:inst|register_4bit:inst3|inst3        ; regout           ;
; |H|register_32bit:inst|inst12                           ; |H|register_32bit:inst|inst12                           ; combout          ;
; |H|OUT_A[4]                                             ; |H|OUT_A[4]                                             ; padio            ;
; |H|OUT_A[3]                                             ; |H|OUT_A[3]                                             ; padio            ;
; |H|OUT_A[2]                                             ; |H|OUT_A[2]                                             ; padio            ;
; |H|OUT_A[1]                                             ; |H|OUT_A[1]                                             ; padio            ;
; |H|OUT_A[0]                                             ; |H|OUT_A[0]                                             ; padio            ;
; |H|LOAD                                                 ; |H|LOAD~corein                                          ; combout          ;
; |H|IN_C[3]                                              ; |H|IN_C[3]~corein                                       ; combout          ;
; |H|IN_C[2]                                              ; |H|IN_C[2]~corein                                       ; combout          ;
; |H|IN_C[1]                                              ; |H|IN_C[1]~corein                                       ; combout          ;
; |H|IN_C[0]                                              ; |H|IN_C[0]~corein                                       ; combout          ;
; |H|MIR[15]                                              ; |H|MIR[15]~corein                                       ; combout          ;
; |H|CLOCK                                                ; |H|CLOCK~corein                                         ; combout          ;
; |H|LOAD~clkctrl                                         ; |H|LOAD~clkctrl                                         ; outclk           ;
; |H|register_32bit:inst|inst12~clkctrl                   ; |H|register_32bit:inst|inst12~clkctrl                   ; outclk           ;
; |H|register_32bit:inst|register_4bit:inst3|inst~feeder  ; |H|register_32bit:inst|register_4bit:inst3|inst~feeder  ; combout          ;
; |H|register_32bit:inst|register_4bit:inst3|inst1~feeder ; |H|register_32bit:inst|register_4bit:inst3|inst1~feeder ; combout          ;
; |H|register_32bit:inst|register_4bit:inst3|inst2~feeder ; |H|register_32bit:inst|register_4bit:inst3|inst2~feeder ; combout          ;
; |H|register_32bit:inst|register_4bit:inst3|inst3~feeder ; |H|register_32bit:inst|register_4bit:inst3|inst3~feeder ; combout          ;
+---------------------------------------------------------+---------------------------------------------------------+------------------+


The following table displays output ports that do not toggle to 1 during simulation.
+--------------------------------------------------------------------------------------------------------------------------------------+
; Missing 1-Value Coverage                                                                                                             ;
+---------------------------------------------------------+---------------------------------------------------------+------------------+
; Node Name                                               ; Output Port Name                                        ; Output Port Type ;
+---------------------------------------------------------+---------------------------------------------------------+------------------+
; |H|register_32bit:inst|register_4bit:inst5|inst         ; |H|register_32bit:inst|register_4bit:inst5|inst         ; regout           ;
; |H|register_32bit:inst|register_4bit:inst5|inst1        ; |H|register_32bit:inst|register_4bit:inst5|inst1        ; regout           ;
; |H|register_32bit:inst|register_4bit:inst5|inst2        ; |H|register_32bit:inst|register_4bit:inst5|inst2        ; regout           ;
; |H|register_32bit:inst|register_4bit:inst5|inst3        ; |H|register_32bit:inst|register_4bit:inst5|inst3        ; regout           ;
; |H|register_32bit:inst|register_4bit:inst4|inst         ; |H|register_32bit:inst|register_4bit:inst4|inst         ; regout           ;
; |H|register_32bit:inst|register_4bit:inst4|inst1        ; |H|register_32bit:inst|register_4bit:inst4|inst1        ; regout           ;
; |H|register_32bit:inst|register_4bit:inst4|inst2        ; |H|register_32bit:inst|register_4bit:inst4|inst2        ; regout           ;
; |H|register_32bit:inst|register_4bit:inst4|inst3        ; |H|register_32bit:inst|register_4bit:inst4|inst3        ; regout           ;
; |H|register_32bit:inst|register_4bit:inst6|inst         ; |H|register_32bit:inst|register_4bit:inst6|inst         ; regout           ;
; |H|register_32bit:inst|register_4bit:inst6|inst1        ; |H|register_32bit:inst|register_4bit:inst6|inst1        ; regout           ;
; |H|register_32bit:inst|register_4bit:inst6|inst2        ; |H|register_32bit:inst|register_4bit:inst6|inst2        ; regout           ;
; |H|register_32bit:inst|register_4bit:inst6|inst3        ; |H|register_32bit:inst|register_4bit:inst6|inst3        ; regout           ;
; |H|register_32bit:inst|register_4bit:inst7|inst         ; |H|register_32bit:inst|register_4bit:inst7|inst         ; regout           ;
; |H|register_32bit:inst|register_4bit:inst7|inst1        ; |H|register_32bit:inst|register_4bit:inst7|inst1        ; regout           ;
; |H|register_32bit:inst|register_4bit:inst7|inst2        ; |H|register_32bit:inst|register_4bit:inst7|inst2        ; regout           ;
; |H|register_32bit:inst|register_4bit:inst7|inst3        ; |H|register_32bit:inst|register_4bit:inst7|inst3        ; regout           ;
; |H|register_32bit:inst|register_4bit:inst|inst          ; |H|register_32bit:inst|register_4bit:inst|inst          ; regout           ;
; |H|register_32bit:inst|register_4bit:inst|inst1         ; |H|register_32bit:inst|register_4bit:inst|inst1         ; regout           ;
; |H|register_32bit:inst|register_4bit:inst|inst2         ; |H|register_32bit:inst|register_4bit:inst|inst2         ; regout           ;
; |H|register_32bit:inst|register_4bit:inst|inst3         ; |H|register_32bit:inst|register_4bit:inst|inst3         ; regout           ;
; |H|register_32bit:inst|register_4bit:inst1|inst         ; |H|register_32bit:inst|register_4bit:inst1|inst         ; regout           ;
; |H|register_32bit:inst|register_4bit:inst1|inst1        ; |H|register_32bit:inst|register_4bit:inst1|inst1        ; regout           ;
; |H|register_32bit:inst|register_4bit:inst1|inst2        ; |H|register_32bit:inst|register_4bit:inst1|inst2        ; regout           ;
; |H|register_32bit:inst|register_4bit:inst1|inst3        ; |H|register_32bit:inst|register_4bit:inst1|inst3        ; regout           ;
; |H|register_32bit:inst|register_4bit:inst2|inst         ; |H|register_32bit:inst|register_4bit:inst2|inst         ; regout           ;
; |H|register_32bit:inst|register_4bit:inst2|inst1        ; |H|register_32bit:inst|register_4bit:inst2|inst1        ; regout           ;
; |H|register_32bit:inst|register_4bit:inst2|inst2        ; |H|register_32bit:inst|register_4bit:inst2|inst2        ; regout           ;
; |H|OUT_A[31]                                            ; |H|OUT_A[31]                                            ; padio            ;
; |H|OUT_A[30]                                            ; |H|OUT_A[30]                                            ; padio            ;
; |H|OUT_A[29]                                            ; |H|OUT_A[29]                                            ; padio            ;
; |H|OUT_A[28]                                            ; |H|OUT_A[28]                                            ; padio            ;
; |H|OUT_A[27]                                            ; |H|OUT_A[27]                                            ; padio            ;
; |H|OUT_A[26]                                            ; |H|OUT_A[26]                                            ; padio            ;
; |H|OUT_A[25]                                            ; |H|OUT_A[25]                                            ; padio            ;
; |H|OUT_A[24]                                            ; |H|OUT_A[24]                                            ; padio            ;
; |H|OUT_A[23]                                            ; |H|OUT_A[23]                                            ; padio            ;
; |H|OUT_A[22]                                            ; |H|OUT_A[22]                                            ; padio            ;
; |H|OUT_A[21]                                            ; |H|OUT_A[21]                                            ; padio            ;
; |H|OUT_A[20]                                            ; |H|OUT_A[20]                                            ; padio            ;
; |H|OUT_A[19]                                            ; |H|OUT_A[19]                                            ; padio            ;
; |H|OUT_A[18]                                            ; |H|OUT_A[18]                                            ; padio            ;
; |H|OUT_A[17]                                            ; |H|OUT_A[17]                                            ; padio            ;
; |H|OUT_A[16]                                            ; |H|OUT_A[16]                                            ; padio            ;
; |H|OUT_A[15]                                            ; |H|OUT_A[15]                                            ; padio            ;
; |H|OUT_A[14]                                            ; |H|OUT_A[14]                                            ; padio            ;
; |H|OUT_A[13]                                            ; |H|OUT_A[13]                                            ; padio            ;
; |H|OUT_A[12]                                            ; |H|OUT_A[12]                                            ; padio            ;
; |H|OUT_A[11]                                            ; |H|OUT_A[11]                                            ; padio            ;
; |H|OUT_A[10]                                            ; |H|OUT_A[10]                                            ; padio            ;
; |H|OUT_A[9]                                             ; |H|OUT_A[9]                                             ; padio            ;
; |H|OUT_A[8]                                             ; |H|OUT_A[8]                                             ; padio            ;
; |H|OUT_A[7]                                             ; |H|OUT_A[7]                                             ; padio            ;
; |H|OUT_A[6]                                             ; |H|OUT_A[6]                                             ; padio            ;
; |H|OUT_A[5]                                             ; |H|OUT_A[5]                                             ; padio            ;
; |H|IN_C[31]                                             ; |H|IN_C[31]~corein                                      ; combout          ;
; |H|IN_C[30]                                             ; |H|IN_C[30]~corein                                      ; combout          ;
; |H|IN_C[29]                                             ; |H|IN_C[29]~corein                                      ; combout          ;
; |H|IN_C[28]                                             ; |H|IN_C[28]~corein                                      ; combout          ;
; |H|IN_C[27]                                             ; |H|IN_C[27]~corein                                      ; combout          ;
; |H|IN_C[26]                                             ; |H|IN_C[26]~corein                                      ; combout          ;
; |H|IN_C[25]                                             ; |H|IN_C[25]~corein                                      ; combout          ;
; |H|IN_C[24]                                             ; |H|IN_C[24]~corein                                      ; combout          ;
; |H|IN_C[23]                                             ; |H|IN_C[23]~corein                                      ; combout          ;
; |H|IN_C[22]                                             ; |H|IN_C[22]~corein                                      ; combout          ;
; |H|IN_C[21]                                             ; |H|IN_C[21]~corein                                      ; combout          ;
; |H|IN_C[20]                                             ; |H|IN_C[20]~corein                                      ; combout          ;
; |H|IN_C[19]                                             ; |H|IN_C[19]~corein                                      ; combout          ;
; |H|IN_C[18]                                             ; |H|IN_C[18]~corein                                      ; combout          ;
; |H|IN_C[17]                                             ; |H|IN_C[17]~corein                                      ; combout          ;
; |H|IN_C[16]                                             ; |H|IN_C[16]~corein                                      ; combout          ;
; |H|IN_C[15]                                             ; |H|IN_C[15]~corein                                      ; combout          ;
; |H|IN_C[14]                                             ; |H|IN_C[14]~corein                                      ; combout          ;
; |H|IN_C[13]                                             ; |H|IN_C[13]~corein                                      ; combout          ;
; |H|IN_C[12]                                             ; |H|IN_C[12]~corein                                      ; combout          ;
; |H|IN_C[11]                                             ; |H|IN_C[11]~corein                                      ; combout          ;
; |H|IN_C[10]                                             ; |H|IN_C[10]~corein                                      ; combout          ;
; |H|IN_C[9]                                              ; |H|IN_C[9]~corein                                       ; combout          ;
; |H|IN_C[8]                                              ; |H|IN_C[8]~corein                                       ; combout          ;
; |H|IN_C[7]                                              ; |H|IN_C[7]~corein                                       ; combout          ;
; |H|IN_C[6]                                              ; |H|IN_C[6]~corein                                       ; combout          ;
; |H|IN_C[5]                                              ; |H|IN_C[5]~corein                                       ; combout          ;
; |H|register_32bit:inst|register_4bit:inst5|inst~feeder  ; |H|register_32bit:inst|register_4bit:inst5|inst~feeder  ; combout          ;
; |H|register_32bit:inst|register_4bit:inst5|inst1~feeder ; |H|register_32bit:inst|register_4bit:inst5|inst1~feeder ; combout          ;
; |H|register_32bit:inst|register_4bit:inst5|inst2~feeder ; |H|register_32bit:inst|register_4bit:inst5|inst2~feeder ; combout          ;
; |H|register_32bit:inst|register_4bit:inst4|inst~feeder  ; |H|register_32bit:inst|register_4bit:inst4|inst~feeder  ; combout          ;
; |H|register_32bit:inst|register_4bit:inst4|inst1~feeder ; |H|register_32bit:inst|register_4bit:inst4|inst1~feeder ; combout          ;
; |H|register_32bit:inst|register_4bit:inst4|inst3~feeder ; |H|register_32bit:inst|register_4bit:inst4|inst3~feeder ; combout          ;
; |H|register_32bit:inst|register_4bit:inst6|inst~feeder  ; |H|register_32bit:inst|register_4bit:inst6|inst~feeder  ; combout          ;
; |H|register_32bit:inst|register_4bit:inst6|inst1~feeder ; |H|register_32bit:inst|register_4bit:inst6|inst1~feeder ; combout          ;
; |H|register_32bit:inst|register_4bit:inst6|inst3~feeder ; |H|register_32bit:inst|register_4bit:inst6|inst3~feeder ; combout          ;
; |H|register_32bit:inst|register_4bit:inst7|inst~feeder  ; |H|register_32bit:inst|register_4bit:inst7|inst~feeder  ; combout          ;
; |H|register_32bit:inst|register_4bit:inst7|inst1~feeder ; |H|register_32bit:inst|register_4bit:inst7|inst1~feeder ; combout          ;
; |H|register_32bit:inst|register_4bit:inst7|inst2~feeder ; |H|register_32bit:inst|register_4bit:inst7|inst2~feeder ; combout          ;
; |H|register_32bit:inst|register_4bit:inst7|inst3~feeder ; |H|register_32bit:inst|register_4bit:inst7|inst3~feeder ; combout          ;
; |H|register_32bit:inst|register_4bit:inst|inst~feeder   ; |H|register_32bit:inst|register_4bit:inst|inst~feeder   ; combout          ;
; |H|register_32bit:inst|register_4bit:inst|inst1~feeder  ; |H|register_32bit:inst|register_4bit:inst|inst1~feeder  ; combout          ;
; |H|register_32bit:inst|register_4bit:inst|inst2~feeder  ; |H|register_32bit:inst|register_4bit:inst|inst2~feeder  ; combout          ;
; |H|register_32bit:inst|register_4bit:inst|inst3~feeder  ; |H|register_32bit:inst|register_4bit:inst|inst3~feeder  ; combout          ;
; |H|register_32bit:inst|register_4bit:inst1|inst~feeder  ; |H|register_32bit:inst|register_4bit:inst1|inst~feeder  ; combout          ;
; |H|register_32bit:inst|register_4bit:inst1|inst2~feeder ; |H|register_32bit:inst|register_4bit:inst1|inst2~feeder ; combout          ;
; |H|register_32bit:inst|register_4bit:inst1|inst3~feeder ; |H|register_32bit:inst|register_4bit:inst1|inst3~feeder ; combout          ;
; |H|register_32bit:inst|register_4bit:inst2|inst1~feeder ; |H|register_32bit:inst|register_4bit:inst2|inst1~feeder ; combout          ;
; |H|register_32bit:inst|register_4bit:inst2|inst2~feeder ; |H|register_32bit:inst|register_4bit:inst2|inst2~feeder ; combout          ;
+---------------------------------------------------------+---------------------------------------------------------+------------------+


The following table displays output ports that do not toggle to 0 during simulation.
+--------------------------------------------------------------------------------------------------------------------------------------+
; Missing 0-Value Coverage                                                                                                             ;
+---------------------------------------------------------+---------------------------------------------------------+------------------+
; Node Name                                               ; Output Port Name                                        ; Output Port Type ;
+---------------------------------------------------------+---------------------------------------------------------+------------------+
; |H|register_32bit:inst|register_4bit:inst5|inst         ; |H|register_32bit:inst|register_4bit:inst5|inst         ; regout           ;
; |H|register_32bit:inst|register_4bit:inst5|inst1        ; |H|register_32bit:inst|register_4bit:inst5|inst1        ; regout           ;
; |H|register_32bit:inst|register_4bit:inst5|inst2        ; |H|register_32bit:inst|register_4bit:inst5|inst2        ; regout           ;
; |H|register_32bit:inst|register_4bit:inst5|inst3        ; |H|register_32bit:inst|register_4bit:inst5|inst3        ; regout           ;
; |H|register_32bit:inst|register_4bit:inst4|inst         ; |H|register_32bit:inst|register_4bit:inst4|inst         ; regout           ;
; |H|register_32bit:inst|register_4bit:inst4|inst1        ; |H|register_32bit:inst|register_4bit:inst4|inst1        ; regout           ;
; |H|register_32bit:inst|register_4bit:inst4|inst2        ; |H|register_32bit:inst|register_4bit:inst4|inst2        ; regout           ;
; |H|register_32bit:inst|register_4bit:inst4|inst3        ; |H|register_32bit:inst|register_4bit:inst4|inst3        ; regout           ;
; |H|register_32bit:inst|register_4bit:inst6|inst         ; |H|register_32bit:inst|register_4bit:inst6|inst         ; regout           ;
; |H|register_32bit:inst|register_4bit:inst6|inst1        ; |H|register_32bit:inst|register_4bit:inst6|inst1        ; regout           ;
; |H|register_32bit:inst|register_4bit:inst6|inst2        ; |H|register_32bit:inst|register_4bit:inst6|inst2        ; regout           ;
; |H|register_32bit:inst|register_4bit:inst6|inst3        ; |H|register_32bit:inst|register_4bit:inst6|inst3        ; regout           ;
; |H|register_32bit:inst|register_4bit:inst7|inst         ; |H|register_32bit:inst|register_4bit:inst7|inst         ; regout           ;
; |H|register_32bit:inst|register_4bit:inst7|inst1        ; |H|register_32bit:inst|register_4bit:inst7|inst1        ; regout           ;
; |H|register_32bit:inst|register_4bit:inst7|inst2        ; |H|register_32bit:inst|register_4bit:inst7|inst2        ; regout           ;
; |H|register_32bit:inst|register_4bit:inst7|inst3        ; |H|register_32bit:inst|register_4bit:inst7|inst3        ; regout           ;
; |H|register_32bit:inst|register_4bit:inst|inst          ; |H|register_32bit:inst|register_4bit:inst|inst          ; regout           ;
; |H|register_32bit:inst|register_4bit:inst|inst1         ; |H|register_32bit:inst|register_4bit:inst|inst1         ; regout           ;
; |H|register_32bit:inst|register_4bit:inst|inst2         ; |H|register_32bit:inst|register_4bit:inst|inst2         ; regout           ;
; |H|register_32bit:inst|register_4bit:inst|inst3         ; |H|register_32bit:inst|register_4bit:inst|inst3         ; regout           ;
; |H|register_32bit:inst|register_4bit:inst1|inst         ; |H|register_32bit:inst|register_4bit:inst1|inst         ; regout           ;
; |H|register_32bit:inst|register_4bit:inst1|inst1        ; |H|register_32bit:inst|register_4bit:inst1|inst1        ; regout           ;
; |H|register_32bit:inst|register_4bit:inst1|inst2        ; |H|register_32bit:inst|register_4bit:inst1|inst2        ; regout           ;
; |H|register_32bit:inst|register_4bit:inst1|inst3        ; |H|register_32bit:inst|register_4bit:inst1|inst3        ; regout           ;
; |H|register_32bit:inst|register_4bit:inst2|inst         ; |H|register_32bit:inst|register_4bit:inst2|inst         ; regout           ;
; |H|register_32bit:inst|register_4bit:inst2|inst1        ; |H|register_32bit:inst|register_4bit:inst2|inst1        ; regout           ;
; |H|register_32bit:inst|register_4bit:inst2|inst2        ; |H|register_32bit:inst|register_4bit:inst2|inst2        ; regout           ;
; |H|OUT_A[31]                                            ; |H|OUT_A[31]                                            ; padio            ;
; |H|OUT_A[30]                                            ; |H|OUT_A[30]                                            ; padio            ;
; |H|OUT_A[29]                                            ; |H|OUT_A[29]                                            ; padio            ;
; |H|OUT_A[28]                                            ; |H|OUT_A[28]                                            ; padio            ;
; |H|OUT_A[27]                                            ; |H|OUT_A[27]                                            ; padio            ;
; |H|OUT_A[26]                                            ; |H|OUT_A[26]                                            ; padio            ;
; |H|OUT_A[25]                                            ; |H|OUT_A[25]                                            ; padio            ;
; |H|OUT_A[24]                                            ; |H|OUT_A[24]                                            ; padio            ;
; |H|OUT_A[23]                                            ; |H|OUT_A[23]                                            ; padio            ;
; |H|OUT_A[22]                                            ; |H|OUT_A[22]                                            ; padio            ;
; |H|OUT_A[21]                                            ; |H|OUT_A[21]                                            ; padio            ;
; |H|OUT_A[20]                                            ; |H|OUT_A[20]                                            ; padio            ;
; |H|OUT_A[19]                                            ; |H|OUT_A[19]                                            ; padio            ;
; |H|OUT_A[18]                                            ; |H|OUT_A[18]                                            ; padio            ;
; |H|OUT_A[17]                                            ; |H|OUT_A[17]                                            ; padio            ;
; |H|OUT_A[16]                                            ; |H|OUT_A[16]                                            ; padio            ;
; |H|OUT_A[15]                                            ; |H|OUT_A[15]                                            ; padio            ;
; |H|OUT_A[14]                                            ; |H|OUT_A[14]                                            ; padio            ;
; |H|OUT_A[13]                                            ; |H|OUT_A[13]                                            ; padio            ;
; |H|OUT_A[12]                                            ; |H|OUT_A[12]                                            ; padio            ;
; |H|OUT_A[11]                                            ; |H|OUT_A[11]                                            ; padio            ;
; |H|OUT_A[10]                                            ; |H|OUT_A[10]                                            ; padio            ;
; |H|OUT_A[9]                                             ; |H|OUT_A[9]                                             ; padio            ;
; |H|OUT_A[8]                                             ; |H|OUT_A[8]                                             ; padio            ;
; |H|OUT_A[7]                                             ; |H|OUT_A[7]                                             ; padio            ;
; |H|OUT_A[6]                                             ; |H|OUT_A[6]                                             ; padio            ;
; |H|OUT_A[5]                                             ; |H|OUT_A[5]                                             ; padio            ;
; |H|IN_C[31]                                             ; |H|IN_C[31]~corein                                      ; combout          ;
; |H|IN_C[30]                                             ; |H|IN_C[30]~corein                                      ; combout          ;
; |H|IN_C[29]                                             ; |H|IN_C[29]~corein                                      ; combout          ;
; |H|IN_C[28]                                             ; |H|IN_C[28]~corein                                      ; combout          ;
; |H|IN_C[27]                                             ; |H|IN_C[27]~corein                                      ; combout          ;
; |H|IN_C[26]                                             ; |H|IN_C[26]~corein                                      ; combout          ;
; |H|IN_C[25]                                             ; |H|IN_C[25]~corein                                      ; combout          ;
; |H|IN_C[24]                                             ; |H|IN_C[24]~corein                                      ; combout          ;
; |H|IN_C[23]                                             ; |H|IN_C[23]~corein                                      ; combout          ;
; |H|IN_C[22]                                             ; |H|IN_C[22]~corein                                      ; combout          ;
; |H|IN_C[21]                                             ; |H|IN_C[21]~corein                                      ; combout          ;
; |H|IN_C[20]                                             ; |H|IN_C[20]~corein                                      ; combout          ;
; |H|IN_C[19]                                             ; |H|IN_C[19]~corein                                      ; combout          ;
; |H|IN_C[18]                                             ; |H|IN_C[18]~corein                                      ; combout          ;
; |H|IN_C[17]                                             ; |H|IN_C[17]~corein                                      ; combout          ;
; |H|IN_C[16]                                             ; |H|IN_C[16]~corein                                      ; combout          ;
; |H|IN_C[15]                                             ; |H|IN_C[15]~corein                                      ; combout          ;
; |H|IN_C[14]                                             ; |H|IN_C[14]~corein                                      ; combout          ;
; |H|IN_C[13]                                             ; |H|IN_C[13]~corein                                      ; combout          ;
; |H|IN_C[12]                                             ; |H|IN_C[12]~corein                                      ; combout          ;
; |H|IN_C[11]                                             ; |H|IN_C[11]~corein                                      ; combout          ;
; |H|IN_C[10]                                             ; |H|IN_C[10]~corein                                      ; combout          ;
; |H|IN_C[9]                                              ; |H|IN_C[9]~corein                                       ; combout          ;
; |H|IN_C[8]                                              ; |H|IN_C[8]~corein                                       ; combout          ;
; |H|IN_C[7]                                              ; |H|IN_C[7]~corein                                       ; combout          ;
; |H|IN_C[6]                                              ; |H|IN_C[6]~corein                                       ; combout          ;
; |H|IN_C[5]                                              ; |H|IN_C[5]~corein                                       ; combout          ;
; |H|IN_C[4]                                              ; |H|IN_C[4]~corein                                       ; combout          ;
; |H|register_32bit:inst|register_4bit:inst5|inst~feeder  ; |H|register_32bit:inst|register_4bit:inst5|inst~feeder  ; combout          ;
; |H|register_32bit:inst|register_4bit:inst5|inst1~feeder ; |H|register_32bit:inst|register_4bit:inst5|inst1~feeder ; combout          ;
; |H|register_32bit:inst|register_4bit:inst5|inst2~feeder ; |H|register_32bit:inst|register_4bit:inst5|inst2~feeder ; combout          ;
; |H|register_32bit:inst|register_4bit:inst4|inst~feeder  ; |H|register_32bit:inst|register_4bit:inst4|inst~feeder  ; combout          ;
; |H|register_32bit:inst|register_4bit:inst4|inst1~feeder ; |H|register_32bit:inst|register_4bit:inst4|inst1~feeder ; combout          ;
; |H|register_32bit:inst|register_4bit:inst4|inst3~feeder ; |H|register_32bit:inst|register_4bit:inst4|inst3~feeder ; combout          ;
; |H|register_32bit:inst|register_4bit:inst6|inst~feeder  ; |H|register_32bit:inst|register_4bit:inst6|inst~feeder  ; combout          ;
; |H|register_32bit:inst|register_4bit:inst6|inst1~feeder ; |H|register_32bit:inst|register_4bit:inst6|inst1~feeder ; combout          ;
; |H|register_32bit:inst|register_4bit:inst6|inst3~feeder ; |H|register_32bit:inst|register_4bit:inst6|inst3~feeder ; combout          ;
; |H|register_32bit:inst|register_4bit:inst7|inst~feeder  ; |H|register_32bit:inst|register_4bit:inst7|inst~feeder  ; combout          ;
; |H|register_32bit:inst|register_4bit:inst7|inst1~feeder ; |H|register_32bit:inst|register_4bit:inst7|inst1~feeder ; combout          ;
; |H|register_32bit:inst|register_4bit:inst7|inst2~feeder ; |H|register_32bit:inst|register_4bit:inst7|inst2~feeder ; combout          ;
; |H|register_32bit:inst|register_4bit:inst7|inst3~feeder ; |H|register_32bit:inst|register_4bit:inst7|inst3~feeder ; combout          ;
; |H|register_32bit:inst|register_4bit:inst|inst~feeder   ; |H|register_32bit:inst|register_4bit:inst|inst~feeder   ; combout          ;
; |H|register_32bit:inst|register_4bit:inst|inst1~feeder  ; |H|register_32bit:inst|register_4bit:inst|inst1~feeder  ; combout          ;
; |H|register_32bit:inst|register_4bit:inst|inst2~feeder  ; |H|register_32bit:inst|register_4bit:inst|inst2~feeder  ; combout          ;
; |H|register_32bit:inst|register_4bit:inst|inst3~feeder  ; |H|register_32bit:inst|register_4bit:inst|inst3~feeder  ; combout          ;
; |H|register_32bit:inst|register_4bit:inst1|inst~feeder  ; |H|register_32bit:inst|register_4bit:inst1|inst~feeder  ; combout          ;
; |H|register_32bit:inst|register_4bit:inst1|inst2~feeder ; |H|register_32bit:inst|register_4bit:inst1|inst2~feeder ; combout          ;
; |H|register_32bit:inst|register_4bit:inst1|inst3~feeder ; |H|register_32bit:inst|register_4bit:inst1|inst3~feeder ; combout          ;
; |H|register_32bit:inst|register_4bit:inst2|inst1~feeder ; |H|register_32bit:inst|register_4bit:inst2|inst1~feeder ; combout          ;
; |H|register_32bit:inst|register_4bit:inst2|inst2~feeder ; |H|register_32bit:inst|register_4bit:inst2|inst2~feeder ; combout          ;
; |H|register_32bit:inst|register_4bit:inst2|inst3~feeder ; |H|register_32bit:inst|register_4bit:inst2|inst3~feeder ; combout          ;
+---------------------------------------------------------+---------------------------------------------------------+------------------+


+---------------------+
; Simulator INI Usage ;
+--------+------------+
; Option ; Usage      ;
+--------+------------+


+--------------------+
; Simulator Messages ;
+--------------------+
Info: *******************************************************************
Info: Running Quartus II 64-Bit Simulator
    Info: Version 13.0.0 Build 156 04/24/2013 SJ Web Edition
    Info: Processing started: Sat Aug 24 19:33:24 2024
Info: Command: quartus_sim --simulation_results_format=VWF MIC1 -c MIC1
Info (324025): Using vector source file "D:/Backup/AULAS/AOC/MIC1-GUILHERME-MATHEUS/H.vwf"
Info (310003): Option to preserve fewer signal transitions to reduce memory requirements is enabled
    Info (310004): Simulation has been partitioned into sub-simulations according to the maximum transition count determined by the engine. Transitions from memory will be flushed out to disk at the end of each sub-simulation to reduce memory requirements.
Info (310002): Simulation partitioned into 1 sub-simulations
Info (328053): Simulation coverage is      18.60 %
Info (328052): Number of transitions in simulation is 239
Info (324045): Vector file MIC1.sim.vwf is saved in VWF text format. You can compress it into CVWF format in order to reduce file size. For more details please refer to the Quartus II Help.
Info: Quartus II 64-Bit Simulator was successful. 0 errors, 0 warnings
    Info: Peak virtual memory: 4474 megabytes
    Info: Processing ended: Sat Aug 24 19:33:24 2024
    Info: Elapsed time: 00:00:00
    Info: Total CPU time (on all processors): 00:00:00


